[html.creaws.com/clinico/index.html]
[backblue.gif]
[fade.gif]
[index.html]
[html.creaws.com/clinico/css/layerslider.css]
[html.creaws.com/clinico/css/fullwidth/skin.css]
[html.creaws.com/clinico/css/font-awesome.css]
[html.creaws.com/clinico/css/owl.carousel.css]
[html.creaws.com/clinico/css/jquery.fancybox.css]
[html.creaws.com/clinico/css/styles.css]
[html.creaws.com/clinico/css/color-blue.css]
[html.creaws.com/clinico/tuner/css/styles.css]
[html.creaws.com/clinico/img/blue/logo.png]
[html.creaws.com/clinico/home-news.html]
[html.creaws.com/clinico/wellness-home.html]
[html.creaws.com/clinico/home-one-page.html]
[html.creaws.com/clinico/services.html]
[html.creaws.com/clinico/timetable-week.html]
[html.creaws.com/clinico/timetable-month.html]
[html.creaws.com/clinico/timetable-list.html]
[html.creaws.com/clinico/news-default.html]
[html.creaws.com/clinico/news-four-columns.html]
[html.creaws.com/clinico/news-three-columns.html]
[html.creaws.com/clinico/news-two-columns.html]
[html.creaws.com/clinico/news-full-width.html]
[html.creaws.com/clinico/news-blog-post.html]
[html.creaws.com/clinico/widgets.html]
[html.creaws.com/clinico/about-us.html]
[html.creaws.com/clinico/locations.html]
[html.creaws.com/clinico/doctors.html]
[html.creaws.com/clinico/full-width-page.html]
[html.creaws.com/clinico/page-with-sidebar.html]
[html.creaws.com/clinico/page-with-double-sidebar.html]
[html.creaws.com/clinico/page-404.html]
[html.creaws.com/clinico/page-pricing-table.html]
[html.creaws.com/clinico/feature-unlimited-color.html]
[html.creaws.com/clinico/responsive_and_retina_ready.html]
[html.creaws.com/clinico/features-accordion.html]
[html.creaws.com/clinico/photo-gallery.html]
[html.creaws.com/clinico/photo-four-filter.html]
[html.creaws.com/clinico/photo-four.html]
[html.creaws.com/clinico/photo-three-filter.html]
[html.creaws.com/clinico/photo-three.html]
[html.creaws.com/clinico/photo-two-filter.html]
[html.creaws.com/clinico/photo-two.html]
[html.creaws.com/clinico/photo-one.html]
[html.creaws.com/clinico/photo-single.html]
[html.creaws.com/clinico/contacts.html]
[html.creaws.com/clinico/pic/medical-slide-1.jpg]
[html.creaws.com/clinico/pic/medical-slide-2.jpg]
[html.creaws.com/clinico/pic/medical-slide-3.jpg]
[html.creaws.com/clinico/pic/doctor-1.jpg]
[html.creaws.com/clinico/staff-page.html]
[html.creaws.com/clinico/pic/doctor-2.jpg]
[html.creaws.com/clinico/pic/doctor-3.jpg]
[html.creaws.com/clinico/pic/doctor-4.jpg]
[html.creaws.com/clinico/php/capcha.html]
[html.creaws.com/clinico/pic/post/1.png]
[html.creaws.com/clinico/pic/post/2.png]
[html.creaws.com/clinico/pic/post/3.png]
[html.creaws.com/clinico/js/jquery.min.js]
[html.creaws.com/clinico/js/jquery-ui.min.js]
[html.creaws.com/clinico/js/jquery.migrate.min.js]
[html.creaws.com/clinico/js/owl.carousel.min.js]
[html.creaws.com/clinico/js/jquery.isotope.min.js]
[html.creaws.com/clinico/js/jquery.fancybox-media.js]
[html.creaws.com/clinico/js/jquery.fancybox.pack.js]
[html.creaws.com/clinico/js/jquery.flot.pie.js]
[html.creaws.com/clinico/js/jquery.flot.categories.js]
[html.creaws.com/clinico/js/jquery.flot.js]
[html.creaws.com/clinico/js/layerslider.transitions.js]
[html.creaws.com/clinico/js/greensock.js]
[html.creaws.com/clinico/js/jquery.superscrollorama.js]
[html.creaws.com/clinico/js/TimelineMax.min.js]
[html.creaws.com/clinico/js/layerslider.kreaturamedia.jquery.js]
[html.creaws.com/clinico/js/jquery.ui.core.min.js]
[html.creaws.com/clinico/js/jquery.ui.widget.min.js]
[html.creaws.com/clinico/js/jquery-ui-tabs-rotate.js]
[html.creaws.com/clinico/js/jquery.ui.tabs.min.js]
[html.creaws.com/clinico/js/TweenMax.min.js]
[html.creaws.com/clinico/js/jquery.ui.accordion.min.js]
[html.creaws.com/clinico/js/jquery.tweet.js]
[html.creaws.com/clinico/js/jquery.easypiechart.js]
[html.creaws.com/clinico/js/jquery.autocomplete.min.js]
[html.creaws.com/clinico/js/scripts.js]
[html.creaws.com/clinico/tuner/js/scripts.js]
[html.creaws.com/clinico/index.html]
[html.creaws.com/clinico/css/blank.gif]
[html.creaws.com/clinico/css/layerslider.css]
[html.creaws.com/clinico/css/fullwidth/skin.png]
[html.creaws.com/clinico/css/fullwidth/loading.gif]
[html.creaws.com/clinico/css/fullwidth/skin.css]
[html.creaws.com/clinico/fonts/fontawesome-webfontba72.eot]
[html.creaws.com/clinico/fonts/fontawesome-webfontd41d.eot]
[html.creaws.com/clinico/fonts/fontawesome-webfontba72.woff]
[html.creaws.com/clinico/fonts/fontawesome-webfontba72.ttf]
[html.creaws.com/clinico/css/font-awesome.css]
[html.creaws.com/clinico/css/owl.carousel.css]
[html.creaws.com/clinico/img/fancybox_sprite.png]
[html.creaws.com/clinico/img/fancybox_loading.gif]
[html.creaws.com/clinico/img/blank.gif]
[html.creaws.com/clinico/img/fancybox_overlay.png]
[html.creaws.com/clinico/img/fancybox_sprite@2x.png]
[html.creaws.com/clinico/img/fancybox_loading@2x.gif]
[html.creaws.com/clinico/css/jquery.fancybox.css]
[html.creaws.com/clinico/img/select.png]
[html.creaws.com/clinico/img/header.png]
[html.creaws.com/clinico/img/find.png]
[html.creaws.com/clinico/pic/404_mask.png]
[html.creaws.com/clinico/img/progress-bar.png]
[html.creaws.com/clinico/css/styles.css]
[html.creaws.com/clinico/img/blue/select.png]
[html.creaws.com/clinico/img/blue/quick-search.png]
[html.creaws.com/clinico/img/blue/last-news.png]
[html.creaws.com/clinico/img/blue/last-news@2x.png]
[html.creaws.com/clinico/img/blue/location.png]
[html.creaws.com/clinico/img/blue/location@2x.png]
[html.creaws.com/clinico/img/blue/recent-posts.png]
[html.creaws.com/clinico/img/blue/recent-posts@2x.png]
[html.creaws.com/clinico/img/blue/work-time.png]
[html.creaws.com/clinico/img/blue/work-time@2x.png]
[html.creaws.com/clinico/css/color-blue.css]
[html.creaws.com/clinico/tuner/css/styles.css]
[html.creaws.com/clinico/pic/photo-tour-1.jpg]
[html.creaws.com/clinico/pic/photo-tour-2.jpg]
[html.creaws.com/clinico/pic/photo-tour-3.jpg]
[html.creaws.com/clinico/home-news.html]
[html.creaws.com/clinico/css/color-green.css]
[html.creaws.com/clinico/img/green/logo.png]
[html.creaws.com/clinico/pic/wellness-slide-1.jpg]
[html.creaws.com/clinico/pic/wellness-slide-2.jpg]
[html.creaws.com/clinico/pic/wellness-slide-3.jpg]
[html.creaws.com/clinico/pic/wellness-slide-4.jpg]
[html.creaws.com/clinico/pic/expert-1.png]
[html.creaws.com/clinico/pic/expert-2.png]
[html.creaws.com/clinico/pic/expert-3.png]
[html.creaws.com/clinico/wellness-home.html]
[html.creaws.com/clinico/pic/services-1.png]
[html.creaws.com/clinico/pic/testimonial-1.jpg]
[html.creaws.com/clinico/home-one-page.html]
[html.creaws.com/clinico/services.html]
[html.creaws.com/clinico/timetable-week.html]
[html.creaws.com/clinico/timetable-month.html]
[html.creaws.com/clinico/timetable-list.html]
[html.creaws.com/clinico/news-default.html]
[html.creaws.com/clinico/news-four-columns.html]
[html.creaws.com/clinico/news-three-columns.html]
[html.creaws.com/clinico/news-two-columns.html]
[html.creaws.com/clinico/news-full-width.html]
[html.creaws.com/clinico/news-blog-post.html]
[html.creaws.com/clinico/pic/our-phylosophy.jpg]
[html.creaws.com/clinico/widgets.html]
[html.creaws.com/clinico/about-us.html]
[html.creaws.com/clinico/locations.html]
[html.creaws.com/clinico/doctors.html]
[html.creaws.com/clinico/full-width-page.html]
[html.creaws.com/clinico/page-with-sidebar.html]
[html.creaws.com/clinico/page-with-double-sidebar.html]
[html.creaws.com/clinico/page-404.html]
[html.creaws.com/clinico/page-pricing-table.html]
[html.creaws.com/clinico/pic/features_unlimited_color.png]
[html.creaws.com/clinico/feature-unlimited-color.html]
[html.creaws.com/clinico/pic/page-retina-ready/1/iphone.png]
[html.creaws.com/clinico/pic/page-retina-ready/1/monitor.png]
[html.creaws.com/clinico/pic/page-retina-ready/1/ipad.png]
[html.creaws.com/clinico/pic/page-retina-ready/3/mac.png]
[html.creaws.com/clinico/pic/page-retina-ready/4/color-6.png]
[html.creaws.com/clinico/pic/page-retina-ready/4/color-5.png]
[html.creaws.com/clinico/pic/page-retina-ready/4/color-4.png]
[html.creaws.com/clinico/pic/page-retina-ready/4/color-3.png]
[html.creaws.com/clinico/pic/page-retina-ready/4/color-2.png]
[html.creaws.com/clinico/pic/page-retina-ready/4/color-1.png]
[html.creaws.com/clinico/pic/page-retina-ready/5/icons-group.png]
[html.creaws.com/clinico/pic/page-retina-ready/7/one-page.png]
[html.creaws.com/clinico/pic/LayerSlider5.png]
[html.creaws.com/clinico/responsive_and_retina_ready.html]
[html.creaws.com/clinico/features-buttons.html]
[html.creaws.com/clinico/features-callout.html]
[html.creaws.com/clinico/features-chart-circle.html]
[html.creaws.com/clinico/features-chart-graph.html]
[html.creaws.com/clinico/features-chart-pie.html]
[html.creaws.com/clinico/features-divider.html]
[html.creaws.com/clinico/features-icons.html]
[html.creaws.com/clinico/features-list.html]
[html.creaws.com/clinico/features-message-box.html]
[html.creaws.com/clinico/features-milestone.html]
[html.creaws.com/clinico/features-pricing-table.html]
[html.creaws.com/clinico/features-progress-bar.html]
[html.creaws.com/clinico/features-service.html]
[html.creaws.com/clinico/features-tab.html]
[html.creaws.com/clinico/features-testimonials.html]
[html.creaws.com/clinico/features-toggle.html]
[html.creaws.com/clinico/features-twitter.html]
[html.creaws.com/clinico/features-twitter-carousel-element.html]
[html.creaws.com/clinico/features-team.html]
[html.creaws.com/clinico/features-columns.html]
[html.creaws.com/clinico/features-video.html]
[html.creaws.com/clinico/features-accordion.html]
[html.creaws.com/clinico/pic/photo-tour-4.jpg]
[html.creaws.com/clinico/pic/photo-tour-5.jpg]
[html.creaws.com/clinico/pic/photo-tour-6.jpg]
[html.creaws.com/clinico/pic/photo-tour-7.jpg]
[html.creaws.com/clinico/pic/photo-tour-8.jpg]
[html.creaws.com/clinico/photo-gallery.html]
[html.creaws.com/clinico/photo-four-filter.html]
[html.creaws.com/clinico/photo-four.html]
[html.creaws.com/clinico/photo-three-filter.html]
[html.creaws.com/clinico/photo-three.html]
[html.creaws.com/clinico/photo-two-filter.html]
[html.creaws.com/clinico/photo-two.html]
[html.creaws.com/clinico/photo-one.html]
[html.creaws.com/clinico/photo-single.html]
[html.creaws.com/clinico/contacts.html]
[html.creaws.com/clinico/pic/staff_item-1.png]
[html.creaws.com/clinico/staff-page.html]
[html.creaws.com/clinico/php/image.html]
[html.creaws.com/clinico/php/capcha.html]
[html.creaws.com/clinico/fonts/fontawesome-webfontba72.svg]
[html.creaws.com/clinico/images/twitter_bird.html]
[html.creaws.com/clinico/audio/californication.html]
[html.creaws.com/clinico/img/green/select.png]
[html.creaws.com/clinico/img/green/quick-search.png]
[html.creaws.com/clinico/img/green/last-news.png]
[html.creaws.com/clinico/img/green/last-news@2x.png]
[html.creaws.com/clinico/img/green/location.png]
[html.creaws.com/clinico/img/green/location@2x.png]
[html.creaws.com/clinico/img/green/recent-posts.png]
[html.creaws.com/clinico/img/green/recent-posts@2x.png]
[html.creaws.com/clinico/img/green/work-time.png]
[html.creaws.com/clinico/img/green/work-time@2x.png]
[html.creaws.com/clinico/css/color-green.css]
[html.creaws.com/clinico/features-buttons.html]
[html.creaws.com/clinico/features-callout.html]
[html.creaws.com/clinico/features-chart-circle.html]
[html.creaws.com/clinico/features-chart-graph.html]
[html.creaws.com/clinico/features-chart-pie.html]
[html.creaws.com/clinico/features-divider.html]
[html.creaws.com/clinico/features-icons.html]
[html.creaws.com/clinico/features-list.html]
[html.creaws.com/clinico/features-message-box.html]
[html.creaws.com/clinico/features-milestone.html]
[html.creaws.com/clinico/features-pricing-table.html]
[html.creaws.com/clinico/features-progress-bar.html]
[html.creaws.com/clinico/features-service.html]
[html.creaws.com/clinico/features-tab.html]
[html.creaws.com/clinico/features-testimonials.html]
[html.creaws.com/clinico/features-toggle.html]
[html.creaws.com/clinico/features-twitter.html]
[html.creaws.com/clinico/features-twitter-carousel-element.html]
[html.creaws.com/clinico/features-team.html]
[html.creaws.com/clinico/features-columns.html]
[html.creaws.com/clinico/features-video.html]
[html.creaws.com/clinico/php/image.html]
